Microchip MPLAB XC8 Compiler V2.45

Linker command line:

-W-3 \
  --edf=/Users/jkaiwang/.mchp_packs/Microchip/PIC18Fxxxx_DFP/1.7.171/xc8/pic/dat/20250117225543_en.msgs \
  -cn -h+dist/default/debug/2024_final.X.debug.sym \
  --cmf=dist/default/debug/2024_final.X.debug.cmf -z -Q18F4520 \
  -o/tmp/xcPdsbz9Y/driver_tmp_3.o --defsym=__MPLAB_BUILD=1 \
  --fixupoverflow=error -Mdist/default/debug/2024_final.X.debug.map \
  --md=/tmp/xcPdsbz9Y/driver_tmp_0.dat -E1 -ver=XC8 Compiler --acfsm=1493 \
  -ACODE=00h-07DBFh -ACONST=00h-07DBFh \
  -ASMALLCONST=0600h-06FFhx119,07D00h-07DBFh -AMEDIUMCONST=0600h-07DBFh \
  -ACOMRAM=01h-07Fh -AABS1=00h-05F3h -ABIGRAM=01h-05F3h \
  -ARAM=080h-0FFh,0100h-01FFhx4,0500h-05F3h -ABANK0=080h-0FFh \
  -ABANK1=0100h-01FFh -ABANK2=0200h-02FFh -ABANK3=0300h-03FFh \
  -ABANK4=0400h-04FFh -ABANK5=0500h-05F3h \
  -ASFR=0F80h-0F9Bh,0F9Dh-0FD3h,0FD5h-0FDAh,0FE0h-0FE2h,0FE8h-0FEAh,0FF0h-0FFCh \
  -ABIGSFR=0F80h-0F9Bh,0F9Dh-0FD3h,0FD5h-0FDAh,0FE0h-0FE2h,0FE8h-0FEAh,0FF0h-0FFCh \
  -ACONFIG=0300000h-030000Dh -AIDLOC=0200000h-0200007h \
  -AEEDATA=0F00000h-0F000FFh -peeprom_data=EEDATA \
  -preset_vec=00h,intcode=08h,intcodelo=018h,powerup,init -pramtop=0600h \
  -psmallconst=SMALLCONST -pmediumconst=MEDIUMCONST -pconst=CONST \
  -AFARRAM=00h-00h \
  -prdata=COMRAM,nvrram=COMRAM,nvbit=COMRAM,rbss=COMRAM,rbit=COMRAM \
  -pfarbss=FARRAM,fardata=FARRAM,nvFARRAM=FARRAM \
  -pintsave_regs=BIGRAM,bigbss=BIGRAM,bigdata=BIGRAM -pbss=RAM \
  -pidata=CODE,irdata=CODE,ibigdata=CODE,ifardata=CODE -prparam=COMRAM \
  /tmp/xcPdsbz9Y/driver_tmp_14.o dist/default/debug/2024_final.X.debug.o 

Object code version is 3.11

Machine type is 18F4520



                Name                               Link     Load   Length Selector   Space Scale
/tmp/xcPdsbz9Y/driver_tmp_14.o
                idloc                            200000   200000        8        0       5
                config                           300000   300000        E        0       4
                init                                 6C       6C        4        C       0
                reset_vec                             0        0        4        0       0
dist/default/debug/2024_final.X.debug.o
                intcodelo                            18       18       54        C       0
                intcode                               8        8        6        4       0
                idloc                            200000   200000        8        0       5
                config                           300000   300000        E        0       4
                temp                                 68       68        1        1       1
                smallconst                          600      600       30      300       0
                text17                              FEA      FEA        2      318       0
                text16                              FD8      FD8        A      318       0
                intcode_body                        D80      D80       6E      318       0
                text14                              E50      E50       62      318       0
                text13                              EB2      EB2       4A      318       0
                text11                              CF8      CF8       88      318       0
                text10                              F98      F98       26      318       0
                text9                               B84      B84       C4      318       0
                text8                               C48      C48       B0      318       0
                text7                               F3A      F3A       34      318       0
                text6                               DEE      DEE       62      318       0
                text5                               ABA      ABA       CA      318       0
                text4                               90A      90A      1B0      318       0
                text3                               EFC      EFC       3E      318       0
                text2                               FBE      FBE       1A      318       0
                text1                               FE2      FE2        8      318       0
                text0                               630      630      2DA      318       0
                cstackCOMRAM                         39       39       2F        1       1
                bssBANK0                             80       80       64       80       1
                bssCOMRAM                             1        1       38        1       1
                cinit                               F6E      F6E       2A      318       0

TOTAL           Name                               Link     Load   Length     Space
        CLASS   CODE           
                intcodelo                            18       18       54         0
                intcode                               8        8        6         0
                init                                 6C       6C        4         0
                reset_vec                             0        0        4         0
                text17                              FEA      FEA        2         0
                text16                              FD8      FD8        A         0
                intcode_body                        D80      D80       6E         0
                text14                              E50      E50       62         0
                text13                              EB2      EB2       4A         0
                text11                              CF8      CF8       88         0
                text10                              F98      F98       26         0
                text9                               B84      B84       C4         0
                text8                               C48      C48       B0         0
                text7                               F3A      F3A       34         0
                text6                               DEE      DEE       62         0
                text5                               ABA      ABA       CA         0
                text4                               90A      90A      1B0         0
                text3                               EFC      EFC       3E         0
                text2                               FBE      FBE       1A         0
                text1                               FE2      FE2        8         0
                text0                               630      630      2DA         0
                cinit                               F6E      F6E       2A         0

        CLASS   CONST          

        CLASS   SMALLCONST     
                smallconst                          600      600       30         0

        CLASS   MEDIUMCONST    

        CLASS   COMRAM         
                temp                                 68       68        1         1
                cstackCOMRAM                         39       39       2F         1
                bssCOMRAM                             1        1       38         1

        CLASS   ABS1           

        CLASS   BIGRAM         

        CLASS   RAM            

        CLASS   BANK0          
                bssBANK0                             80       80       64         1

        CLASS   BANK1          

        CLASS   BANK2          

        CLASS   BANK3          

        CLASS   BANK4          

        CLASS   BANK5          

        CLASS   SFR            

        CLASS   BIGSFR         

        CLASS   CONFIG         
                config                           300000   300000        E         4

        CLASS   IDLOC          
                idloc                            200000   200000        8         5

        CLASS   EEDATA         

        CLASS   FARRAM         

        CLASS   HEAP           

        CLASS   STACK          



SEGMENTS        Name                           Load    Length   Top    Selector   Space  Class

                bssCOMRAM                      000001  000068  000069         1       1  COMRAM  
                reset_vec                      000000  000004  000004         0       0  CODE    
                text0                          000630  0009BC  000FEC       318       0  CODE    
                bssBANK0                       000080  000064  0000E4        80       1  BANK0   
                intcode                        000008  000006  00000E         4       0  CODE    
                intcodelo                      000018  000058  000070         C       0  CODE    
                smallconst                     000600  000030  000630       300       0  SMALLCON


UNUSED ADDRESS RANGES

        Name                Unused          Largest block    Delta
        BANK0            0000E4-0000FF               1C
        BANK1            000100-0001FF              100
        BANK2            000200-0002FF              100
        BANK3            000300-0003FF              100
        BANK4            000400-0004FF              100
        BANK5            000500-0005F3               F4
        BIGRAM           000069-00007F               17
                         0000E4-0005F3              510
        BIGSFR           000F80-000F9B               1C
                         000F9D-000FD3               37
                         000FD5-000FDA                6
                         000FE0-000FE2                3
                         000FE8-000FEA                3
                         000FF0-000FFC                D
        CODE             000004-000007                4
                         00000E-000017                A
                         000070-0005FF              590
                         000FEC-007DBF             6DD4
        COMRAM           000069-00007F               17
        CONST            000004-000007                4
                         00000E-000017                A
                         000070-0005FF              590
                         000FEC-007DBF             6DD4
        EEDATA           F00000-F000FF              100
        MEDIUMCONST      000FEC-007DBF             6DD4
        RAM              0000E4-0005F3              100
        SFR              000F80-000F9B               1C
                         000F9D-000FD3               37
                         000FD5-000FDA                6
                         000FE0-000FE2                3
                         000FE8-000FEA                3
                         000FF0-000FFC                D
        SMALLCONST       000FEC-007DBF              100

                                  Symbol Table

?___awdiv                          cstackCOMRAM 000047
?___awmod                          cstackCOMRAM 000047
?___wmul                           cstackCOMRAM 000047
?_abs                              cstackCOMRAM 00004D
?_printf                           cstackCOMRAM 000062
?_vfprintf                         cstackCOMRAM 00005D
H_ISR@value                        cstackCOMRAM 00003D
MyusartRead@data                   cstackCOMRAM 000041
_ADCON0bits                        (abs)        000FC2
_ADCON1bits                        (abs)        000FC1
_ADCON2bits                        (abs)        000FC0
_ADRESH                            (abs)        000FC4
_ADRESL                            (abs)        000FC3
_BAUDCONbits                       (abs)        000FB8
_CCP1CONbits                       (abs)        000FBD
_CCPR1L                            (abs)        000FBE
_CREN                              (abs)        007D5C
_H_ISR                             intcode      000008
_INTCONbits                        (abs)        000FF2
_IPR1bits                          (abs)        000F9F
_Initialize                        text11       000CF8
_LATC                              (abs)        000F8B
_LATD                              (abs)        000F8C
_Lo_ISR                            intcodelo    000018
_MyusartRead                       text13       000EB2
_OSCCONbits                        (abs)        000FD3
_PIE1bits                          (abs)        000F9D
_PIR1bits                          (abs)        000F9E
_PR2                               (abs)        000FCB
_RCIF                              (abs)        007CF5
_RCONbits                          (abs)        000FD0
_RCREG                             (abs)        000FAE
_RCSTAbits                         (abs)        000FAB
_SPBRG                             (abs)        000FAF
_T2CONbits                         (abs)        000FCA
_TRISAbits                         (abs)        000F92
_TRISB                             (abs)        000F93
_TRISC                             (abs)        000F94
_TRISCbits                         (abs)        000F94
_TRISD                             (abs)        000F95
_TXREG                             (abs)        000FAD
_TXSTAbits                         (abs)        000FAC
__HRAM                             (abs)        000000
__H__absolute__                    __absolute__ 000000
__Habs1                            abs1         000000
__Hbank0                           bank0        000000
__Hbank1                           bank1        000000
__Hbank2                           bank2        000000
__Hbank3                           bank3        000000
__Hbank4                           bank4        000000
__Hbank5                           bank5        000000
__Hbigbss                          bigbss       000000
__Hbigdata                         bigdata      000000
__Hbigram                          bigram       000000
__Hbigsfr                          bigsfr       000000
__Hbss                             bss          000000
__HbssBANK0                        bssBANK0     000000
__HbssCOMRAM                       bssCOMRAM    000000
__Hcinit                           cinit        000000
__Hclrtext                         clrtext      000000
__Hcomram                          comram       000000
__Hconfig                          config       30000E
__Hconst                           const        000000
__HcstackCOMRAM                    cstackCOMRAM 000000
__Hdata                            data         000000
__Heeprom_data                     eeprom_data  000000
__Hfarbss                          farbss       000000
__Hfardata                         fardata      000000
__Hheap                            heap         000000
__Hibigdata                        ibigdata     000000
__Hidata                           idata        000000
__Hidloc                           idloc        200008
__Hifardata                        ifardata     000000
__Hinit                            init         000070
__Hintcode                         intcode      00000E
__Hintcode_body                    intcode_body 000000
__Hintcodelo                       intcodelo    00006C
__Hintentry                        intentry     000000
__Hintret                          intret       000000
__Hintsave_regs                    intsave_regs 000000
__Hirdata                          irdata       000000
__Hmediumconst                     mediumconst  000000
__HnvFARRAM                        nvFARRAM     000000
__Hnvbit                           nvbit        000000
__Hnvrram                          nvrram       000000
__Hparam                           rparam       000000
__Hpowerup                         powerup      00006C
__Hram                             ram          000000
__Hramtop                          ramtop       000600
__Hrbit                            rbit         000000
__Hrbss                            rbss         000000
__Hrdata                           rdata        000000
__Hreset_vec                       reset_vec    000004
__Hrparam                          rparam       000000
__Hsfr                             sfr          000000
__Hsmallconst                      smallconst   000630
__Hspace_0                         (abs)        000FEC
__Hspace_1                         (abs)        0000E4
__Hspace_2                         (abs)        000000
__Hspace_4                         (abs)        60000E
__Hstack                           stack        000000
__Hstruct                          struct       000000
__Htemp                            temp         000069
__Htext                            text         000000
__Htext0                           text0        000000
__Htext1                           text1        000000
__Htext10                          text10       000000
__Htext11                          text11       000000
__Htext13                          text13       000000
__Htext14                          text14       000000
__Htext16                          text16       000000
__Htext17                          text17       000000
__Htext2                           text2        000000
__Htext3                           text3        000000
__Htext4                           text4        000000
__Htext5                           text5        000000
__Htext6                           text6        000000
__Htext7                           text7        000000
__Htext8                           text8        000000
__Htext9                           text9        000000
__LRAM                             (abs)        000001
__L__absolute__                    __absolute__ 000000
__Labs1                            abs1         000000
__Lbank0                           bank0        000000
__Lbank1                           bank1        000000
__Lbank2                           bank2        000000
__Lbank3                           bank3        000000
__Lbank4                           bank4        000000
__Lbank5                           bank5        000000
__Lbigbss                          bigbss       000000
__Lbigdata                         bigdata      000000
__Lbigram                          bigram       000000
__Lbigsfr                          bigsfr       000000
__Lbss                             bss          000000
__LbssBANK0                        bssBANK0     000000
__LbssCOMRAM                       bssCOMRAM    000000
__Lcinit                           cinit        000000
__Lclrtext                         clrtext      000000
__Lcomram                          comram       000000
__Lconfig                          config       000000
__Lconst                           const        000000
__LcstackCOMRAM                    cstackCOMRAM 000000
__Ldata                            data         000000
__Leeprom_data                     eeprom_data  000000
__Lfarbss                          farbss       000000
__Lfardata                         fardata      000000
__Lheap                            heap         000000
__Libigdata                        ibigdata     000000
__Lidata                           idata        000000
__Lidloc                           idloc        000000
__Lifardata                        ifardata     000000
__Linit                            init         00006C
__Lintcode                         intcode      000008
__Lintcode_body                    intcode_body 000000
__Lintcodelo                       intcodelo    000018
__Lintentry                        intentry     000000
__Lintret                          intret       000000
__Lintsave_regs                    intsave_regs 000000
__Lirdata                          irdata       000000
__Lmediumconst                     mediumconst  000000
__LnvFARRAM                        nvFARRAM     000000
__Lnvbit                           nvbit        000000
__Lnvrram                          nvrram       000000
__Lparam                           rparam       000000
__Lpowerup                         powerup      00006C
__Lram                             ram          000000
__Lramtop                          ramtop       000600
__Lrbit                            rbit         000000
__Lrbss                            rbss         000000
__Lrdata                           rdata        000000
__Lreset_vec                       reset_vec    000000
__Lrparam                          rparam       000000
__Lsfr                             sfr          000000
__Lsmallconst                      smallconst   000600
__Lspace_0                         (abs)        000000
__Lspace_1                         (abs)        000000
__Lspace_2                         (abs)        000000
__Lspace_4                         (abs)        000000
__Lstack                           stack        000000
__Lstruct                          struct       000000
__Ltemp                            temp         000068
__Ltext                            text         000000
__Ltext0                           text0        000000
__Ltext1                           text1        000000
__Ltext10                          text10       000000
__Ltext11                          text11       000000
__Ltext13                          text13       000000
__Ltext14                          text14       000000
__Ltext16                          text16       000000
__Ltext17                          text17       000000
__Ltext2                           text2        000000
__Ltext3                           text3        000000
__Ltext4                           text4        000000
__Ltext5                           text5        000000
__Ltext6                           text6        000000
__Ltext7                           text7        000000
__Ltext8                           text8        000000
__Ltext9                           text9        000000
__S0                               (abs)        000FEC
__S1                               (abs)        0000E4
__S4                               (abs)        000000
__S5                               (abs)        000000
___awdiv                           text9        000B84
___awdiv@counter                   cstackCOMRAM 00004B
___awdiv@dividend                  cstackCOMRAM 000047
___awdiv@divisor                   cstackCOMRAM 000049
___awdiv@quotient                  cstackCOMRAM 00004D
___awdiv@sign                      cstackCOMRAM 00004C
___awmod                           text8        000C48
___awmod@counter                   cstackCOMRAM 00004B
___awmod@dividend                  cstackCOMRAM 000047
___awmod@divisor                   cstackCOMRAM 000049
___awmod@sign                      cstackCOMRAM 00004C
___heap_hi                         (abs)        000000
___heap_lo                         (abs)        000000
___inthi_sp                        stack        000000
___inthi_stack_hi                  stack        000000
___inthi_stack_lo                  stack        000000
___intlo_sp                        stack        000000
___intlo_stack_hi                  stack        000000
___intlo_stack_lo                  stack        000000
___param_bank                      (abs)        000000
___rparam_used                     (abs)        000001
___sp                              stack        000000
___stack_hi                        stack        000000
___stack_lo                        stack        000000
___wmul                            text10       000F98
___wmul@multiplicand               cstackCOMRAM 000049
___wmul@multiplier                 cstackCOMRAM 000047
___wmul@product                    cstackCOMRAM 00004B
__accesstop                        (abs)        000080
__activetblptr                     (abs)        000001
__end_of_H_ISR                     intcode_body 000DEE
__end_of_Initialize                text11       000D80
__end_of_Lo_ISR                    intcodelo    00006C
__end_of_MyusartRead               text13       000EFC
__end_of___awdiv                   text9        000C48
__end_of___awmod                   text8        000CF8
__end_of___wmul                    text10       000FBE
__end_of__initialization           cinit        000F86
__end_of_abs                       text7        000F6E
__end_of_button_pressed            text17       000FEC
__end_of_fputc                     text5        000B84
__end_of_main                      text0        00090A
__end_of_printf                    text2        000FD8
__end_of_putch                     text6        000E50
__end_of_set_LED                   text1        000FEA
__end_of_variable_register_changed text16       000FE2
__end_of_vfpfcnvrt                 text4        000ABA
__end_of_vfprintf                  text3        000F3A
__end_ofi1_putch                   text14       000EB2
__initialization                   cinit        000F6E
__mediumconst                      mediumconst  000000
__pbssBANK0                        bssBANK0     000080
__pbssCOMRAM                       bssCOMRAM    000001
__pcinit                           cinit        000F6E
__pcstackCOMRAM                    cstackCOMRAM 000039
__pintcode                         intcode      000008
__pintcode_body                    intcode_body 000D80
__pintcodelo                       intcodelo    000018
__psmallconst                      smallconst   000600
__ptext0                           text0        000630
__ptext1                           text1        000FE2
__ptext10                          text10       000F98
__ptext11                          text11       000CF8
__ptext13                          text13       000EB2
__ptext14                          text14       000E50
__ptext16                          text16       000FD8
__ptext17                          text17       000FEA
__ptext2                           text2        000FBE
__ptext3                           text3        000EFC
__ptext4                           text4        00090A
__ptext5                           text5        000ABA
__ptext6                           text6        000DEE
__ptext7                           text7        000F3A
__ptext8                           text8        000C48
__ptext9                           text9        000B84
__ramtop                           ramtop       000600
__smallconst                       smallconst   000600
_abs                               text7        000F3A
_btn_interr                        bssCOMRAM    000038
_buffer                            bssBANK0     000080
_buffer_size                       bssCOMRAM    000035
_button_pressed                    text17       000FEA
_current_servo_angle               bssCOMRAM    000033
_dbuf                              bssCOMRAM    000001
_flags                             bssCOMRAM    000037
_fputc                             text5        000ABA
_last_state                        bssCOMRAM    00002F
_main                              text0        000630
_prec                              bssCOMRAM    00002B
_printf                            text2        000FBE
_putch                             text6        000DEE
_set_LED                           text1        000FE2
_state                             bssCOMRAM    000021
_temp                              bssCOMRAM    000031
_uart_flag                         bssCOMRAM    00002D
_uart_temp                         bssCOMRAM    000025
_variable_register_changed         text16       000FD8
_vfpfcnvrt                         text4        00090A
_vfprintf                          text3        000EFC
_width                             bssCOMRAM    000029
abs@a                              cstackCOMRAM 00004D
btemp                              temp         000068
end_of_initialization              cinit        000F86
fputc@c                            cstackCOMRAM 000048
fputc@fp                           cstackCOMRAM 00004A
i1_putch                           text14       000E50
i1putch@data                       cstackCOMRAM 00003F
int$flags                          temp         000068
int_func                           intcode_body 000D80
intlevel0                          text         000000
intlevel1                          text         000000
intlevel2                          text         000000
intlevel3                          text         000000
isa$std                            (abs)        000001
isa$xinst                          (abs)        000000
printf@ap                          cstackCOMRAM 000067
printf@fmt                         cstackCOMRAM 000062
putch@data                         cstackCOMRAM 000047
set_LED@value                      cstackCOMRAM 000047
stackhi                            (abs)        000000
stacklo                            (abs)        000000
start                              init         00006C
start_initialization               cinit        000F6E
ttemp5                             temp         000069
ttemp6                             temp         00006C
ttemp7                             temp         000070
variable_register_changed@value    cstackCOMRAM 000039
vfpfcnvrt@ap                       cstackCOMRAM 000054
vfpfcnvrt@c                        cstackCOMRAM 00005C
vfpfcnvrt@convarg                  cstackCOMRAM 000058
vfpfcnvrt@cp                       cstackCOMRAM 000057
vfpfcnvrt@done                     cstackCOMRAM 000056
vfpfcnvrt@fmt                      cstackCOMRAM 000053
vfpfcnvrt@fp                       cstackCOMRAM 000051
vfprintf@ap                        cstackCOMRAM 000060
vfprintf@cfmt                      cstackCOMRAM 000061
vfprintf@fmt                       cstackCOMRAM 00005F
vfprintf@fp                        cstackCOMRAM 00005D
wtemp8                             temp         000069


MODULE INFORMATION

Module		Function		Class		Link	Load	Size
/Applications/microchip/xc8/v2.45/pic/sources/c99/common/nf_fputc.c
		_fputc         		CODE           	0ABA	0000	202

/Applications/microchip/xc8/v2.45/pic/sources/c99/common/nf_fputc.c estimated size: 202

/Applications/microchip/xc8/v2.45/pic/sources/c99/common/Umul16.c
		___wmul        		CODE           	0F98	0000	38

/Applications/microchip/xc8/v2.45/pic/sources/c99/common/Umul16.c estimated size: 38

2024_3b.c
		_variable_register_changed		CODE           	0FD8	0000	10
		_Lo_ISR        		CODE           	0018	0000	84
		_MyusartRead   		CODE           	0EB2	0000	74
		_button_pressed		CODE           	0FEA	0000	2
		_putch         		CODE           	0DEE	0000	98
		_set_LED       		CODE           	0FE2	0000	8
		_H_ISR         		CODE           	0008	0000	116
		_main          		CODE           	0630	0000	730
		_Initialize    		CODE           	0CF8	0000	136

2024_3b.c estimated size: 1258

/Applications/microchip/xc8/v2.45/pic/sources/c99/common/abs.c
		_abs           		CODE           	0F3A	0000	52

/Applications/microchip/xc8/v2.45/pic/sources/c99/common/abs.c estimated size: 52

/Applications/microchip/xc8/v2.45/pic/sources/c99/common/printf.c
		_printf        		CODE           	0FBE	0000	26

/Applications/microchip/xc8/v2.45/pic/sources/c99/common/printf.c estimated size: 26

/Applications/microchip/xc8/v2.45/pic/sources/c99/common/awmod.c
		___awmod       		CODE           	0C48	0000	176

/Applications/microchip/xc8/v2.45/pic/sources/c99/common/awmod.c estimated size: 176

shared
		i1_putch       		CODE           	0E50	0000	98
		__initialization		CODE           	0F6E	0000	24

shared estimated size: 122

/Applications/microchip/xc8/v2.45/pic/sources/c99/common/awdiv.c
		___awdiv       		CODE           	0B84	0000	196

/Applications/microchip/xc8/v2.45/pic/sources/c99/common/awdiv.c estimated size: 196

/Applications/microchip/xc8/v2.45/pic/sources/c99/common/doprnt.c
		_vfpfcnvrt     		CODE           	090A	0000	432
		_vfprintf      		CODE           	0EFC	0000	62

/Applications/microchip/xc8/v2.45/pic/sources/c99/common/doprnt.c estimated size: 494

