MPLINK 5.09, LINKER
Linker Map File - Created Wed Oct 08 13:33:39 2025

                                 Section Info
                  Section       Type    Address   Location Size(Bytes)
                ---------  ---------  ---------  ---------  ---------
                   .org_0       code   0x000000    program   0x0000a0
                   .cinit    romdata   0x0000a0    program   0x000002
.config_300001_BUILD/DEFAULT/DEBUG/HARD.O    romdata   0x300001    program   0x000001
.config_300003_BUILD/DEFAULT/DEBUG/HARD.O    romdata   0x300003    program   0x000001



                              Program Memory Usage 
                               Start         End      
                           ---------   ---------      
                            0x000000    0x0000a1      
                            0x300001    0x300001      
                            0x300003    0x300003      
            164 out of 33048 program addresses used, program memory utilization is 0%



                              Symbols - Sorted by Name
                     Name    Address   Location    Storage File                     
                ---------  ---------  ---------  --------- ---------                
                converged   0x00007e    program     static C:\Users\user\MPLABXProjects\lab04.X\hard.asm
       div_back_to_newton   0x00005c    program     static C:\Users\user\MPLABXProjects\lab04.X\hard.asm
                 div_done   0x000038    program     static C:\Users\user\MPLABXProjects\lab04.X\hard.asm
                 div_loop   0x000020    program     static C:\Users\user\MPLABXProjects\lab04.X\hard.asm
                 division   0x000014    program     static C:\Users\user\MPLABXProjects\lab04.X\hard.asm
              end_program   0x00009e    program     static C:\Users\user\MPLABXProjects\lab04.X\hard.asm
               newtonSqrt   0x00003c    program     static C:\Users\user\MPLABXProjects\lab04.X\hard.asm
                  ns_iter   0x000046    program     static C:\Users\user\MPLABXProjects\lab04.X\hard.asm
                ns_update   0x00008a    program     static C:\Users\user\MPLABXProjects\lab04.X\hard.asm



                              Symbols - Sorted by Address
                     Name    Address   Location    Storage File                     
                ---------  ---------  ---------  --------- ---------                
                 division   0x000014    program     static C:\Users\user\MPLABXProjects\lab04.X\hard.asm
                 div_loop   0x000020    program     static C:\Users\user\MPLABXProjects\lab04.X\hard.asm
                 div_done   0x000038    program     static C:\Users\user\MPLABXProjects\lab04.X\hard.asm
               newtonSqrt   0x00003c    program     static C:\Users\user\MPLABXProjects\lab04.X\hard.asm
                  ns_iter   0x000046    program     static C:\Users\user\MPLABXProjects\lab04.X\hard.asm
       div_back_to_newton   0x00005c    program     static C:\Users\user\MPLABXProjects\lab04.X\hard.asm
                converged   0x00007e    program     static C:\Users\user\MPLABXProjects\lab04.X\hard.asm
                ns_update   0x00008a    program     static C:\Users\user\MPLABXProjects\lab04.X\hard.asm
              end_program   0x00009e    program     static C:\Users\user\MPLABXProjects\lab04.X\hard.asm


