MPLINK 5.09, LINKER
Linker Map File - Created Thu Oct 02 12:52:50 2025

                                 Section Info
                  Section       Type    Address   Location Size(Bytes)
                ---------  ---------  ---------  ---------  ---------
                   .org_0       code   0x000000    program   0x000098
                   .cinit    romdata   0x000098    program   0x000002
.config_300001_BUILD/DEFAULT/DEBUG/HARD.O    romdata   0x300001    program   0x000001
.config_300003_BUILD/DEFAULT/DEBUG/HARD.O    romdata   0x300003    program   0x000001



                              Program Memory Usage 
                               Start         End      
                           ---------   ---------      
                            0x000000    0x000099      
                            0x300001    0x300001      
                            0x300003    0x300003      
            156 out of 33048 program addresses used, program memory utilization is 0%



                              Symbols - Sorted by Name
                     Name    Address   Location    Storage File                     
                ---------  ---------  ---------  --------- ---------                
                   check0   0x00000e    program     static C:\Users\user\MPLABXProjects\lab03.X\Hard.asm
                   check1   0x000018    program     static C:\Users\user\MPLABXProjects\lab03.X\Hard.asm
           check_negative   0x000082    program     static C:\Users\user\MPLABXProjects\lab03.X\Hard.asm
            final_program   0x000096    program     static C:\Users\user\MPLABXProjects\lab03.X\Hard.asm
                      mul   0x00004e    program     static C:\Users\user\MPLABXProjects\lab03.X\Hard.asm
                     mul1   0x000054    program     static C:\Users\user\MPLABXProjects\lab03.X\Hard.asm
                     mul2   0x00005c    program     static C:\Users\user\MPLABXProjects\lab03.X\Hard.asm
    negative_to_positive0   0x000022    program     static C:\Users\user\MPLABXProjects\lab03.X\Hard.asm
    negative_to_positive1   0x000038    program     static C:\Users\user\MPLABXProjects\lab03.X\Hard.asm
                      one   0x00006e    program     static C:\Users\user\MPLABXProjects\lab03.X\Hard.asm
     positive_to_negative   0x00008e    program     static C:\Users\user\MPLABXProjects\lab03.X\Hard.asm
                      two   0x000078    program     static C:\Users\user\MPLABXProjects\lab03.X\Hard.asm
                     zero   0x000066    program     static C:\Users\user\MPLABXProjects\lab03.X\Hard.asm



                              Symbols - Sorted by Address
                     Name    Address   Location    Storage File                     
                ---------  ---------  ---------  --------- ---------                
                   check0   0x00000e    program     static C:\Users\user\MPLABXProjects\lab03.X\Hard.asm
                   check1   0x000018    program     static C:\Users\user\MPLABXProjects\lab03.X\Hard.asm
    negative_to_positive0   0x000022    program     static C:\Users\user\MPLABXProjects\lab03.X\Hard.asm
    negative_to_positive1   0x000038    program     static C:\Users\user\MPLABXProjects\lab03.X\Hard.asm
                      mul   0x00004e    program     static C:\Users\user\MPLABXProjects\lab03.X\Hard.asm
                     mul1   0x000054    program     static C:\Users\user\MPLABXProjects\lab03.X\Hard.asm
                     mul2   0x00005c    program     static C:\Users\user\MPLABXProjects\lab03.X\Hard.asm
                     zero   0x000066    program     static C:\Users\user\MPLABXProjects\lab03.X\Hard.asm
                      one   0x00006e    program     static C:\Users\user\MPLABXProjects\lab03.X\Hard.asm
                      two   0x000078    program     static C:\Users\user\MPLABXProjects\lab03.X\Hard.asm
           check_negative   0x000082    program     static C:\Users\user\MPLABXProjects\lab03.X\Hard.asm
     positive_to_negative   0x00008e    program     static C:\Users\user\MPLABXProjects\lab03.X\Hard.asm
            final_program   0x000096    program     static C:\Users\user\MPLABXProjects\lab03.X\Hard.asm


