MPLINK 5.09, LINKER
Linker Map File - Created Tue Sep 23 11:07:38 2025

                                 Section Info
                  Section       Type    Address   Location Size(Bytes)
                ---------  ---------  ---------  ---------  ---------
                   .org_0       code   0x000000    program   0x000046
                   .cinit    romdata   0x000046    program   0x000002
.config_300001_BUILD/DEFAULT/DEBUG/HARD.O    romdata   0x300001    program   0x000001
.config_300003_BUILD/DEFAULT/DEBUG/HARD.O    romdata   0x300003    program   0x000001



                              Program Memory Usage 
                               Start         End      
                           ---------   ---------      
                            0x000000    0x000047      
                            0x300001    0x300001      
                            0x300003    0x300003      
            74 out of 33048 program addresses used, program memory utilization is 0%



                              Symbols - Sorted by Name
                     Name    Address   Location    Storage File                     
                ---------  ---------  ---------  --------- ---------                
               end_result   0x000042    program     static C:\Users\user\MPLABXProjects\lab01.X\Hard.asm
                    high1   0x000032    program     static C:\Users\user\MPLABXProjects\lab01.X\Hard.asm
                    high2   0x00001e    program     static C:\Users\user\MPLABXProjects\lab01.X\Hard.asm
                    high4   0x000008    program     static C:\Users\user\MPLABXProjects\lab01.X\Hard.asm



                              Symbols - Sorted by Address
                     Name    Address   Location    Storage File                     
                ---------  ---------  ---------  --------- ---------                
                    high4   0x000008    program     static C:\Users\user\MPLABXProjects\lab01.X\Hard.asm
                    high2   0x00001e    program     static C:\Users\user\MPLABXProjects\lab01.X\Hard.asm
                    high1   0x000032    program     static C:\Users\user\MPLABXProjects\lab01.X\Hard.asm
               end_result   0x000042    program     static C:\Users\user\MPLABXProjects\lab01.X\Hard.asm


