Microchip MPLAB XC8 Compiler V2.45

Linker command line:

-W-3 \
  --edf=/Users/jkaiwang/.mchp_packs/Microchip/PIC18Fxxxx_DFP/1.7.171/xc8/pic/dat/20250117225543_en.msgs \
  -cn -h+dist/default/debug/lab10.X.debug.sym \
  --cmf=dist/default/debug/lab10.X.debug.cmf -z -Q18F4520 \
  -o/tmp/xcTr1dEKL/driver_tmp_3.o --defsym=__MPLAB_BUILD=1 \
  --fixupoverflow=error -Mdist/default/debug/lab10.X.debug.map \
  --md=/tmp/xcTr1dEKL/driver_tmp_0.dat -E1 -ver=XC8 Compiler --acfsm=1493 \
  -ACODE=00h-07DBFh -ACONST=00h-07DBFh \
  -ASMALLCONST=0600h-06FFhx119,07D00h-07DBFh -AMEDIUMCONST=0600h-07DBFh \
  -ACOMRAM=01h-07Fh -AABS1=00h-05F3h -ABIGRAM=01h-05F3h \
  -ARAM=080h-0FFh,0100h-01FFhx4,0500h-05F3h -ABANK0=080h-0FFh \
  -ABANK1=0100h-01FFh -ABANK2=0200h-02FFh -ABANK3=0300h-03FFh \
  -ABANK4=0400h-04FFh -ABANK5=0500h-05F3h \
  -ASFR=0F80h-0F9Bh,0F9Dh-0FD3h,0FD5h-0FDAh,0FE0h-0FE2h,0FE8h-0FEAh,0FF0h-0FFCh \
  -ABIGSFR=0F80h-0F9Bh,0F9Dh-0FD3h,0FD5h-0FDAh,0FE0h-0FE2h,0FE8h-0FEAh,0FF0h-0FFCh \
  -ACONFIG=0300000h-030000Dh -AIDLOC=0200000h-0200007h \
  -AEEDATA=0F00000h-0F000FFh -peeprom_data=EEDATA \
  -preset_vec=00h,intcode,intcodelo,powerup,init -pramtop=0600h \
  -psmallconst=SMALLCONST -pmediumconst=MEDIUMCONST -pconst=CONST \
  -AFARRAM=00h-00h \
  -prdata=COMRAM,nvrram=COMRAM,nvbit=COMRAM,rbss=COMRAM,rbit=COMRAM \
  -pfarbss=FARRAM,fardata=FARRAM,nvFARRAM=FARRAM \
  -pintsave_regs=BIGRAM,bigbss=BIGRAM,bigdata=BIGRAM -pbss=RAM \
  -pidata=CODE,irdata=CODE,ibigdata=CODE,ifardata=CODE -prparam=COMRAM \
  /tmp/xcTr1dEKL/driver_tmp_9.o dist/default/debug/lab10.X.debug.o 

Object code version is 3.11

Machine type is 18F4520



                Name                               Link     Load   Length Selector   Space Scale
/tmp/xcTr1dEKL/driver_tmp_9.o
                idloc                            200000   200000        8        0       5
                config                           300000   300000        E        0       4
                init                                  0        0        4        0       0
dist/default/debug/lab10.X.debug.o
                idloc                            200000   200000        8        0       5
                config                           300000   300000        E        0       4
                smallconst                          600      600        2      300       0
                text11                              B8A      B8A       20      301       0
                text10                              B18      B18       2A      301       0
                text9                               A40      A40       74      301       0
                text8                               BAA      BAA       16      301       0
                text7                               BC0      BC0        A      301       0
                text6                               9CC      9CC       74      301       0
                text5                               AB4      AB4       64      301       0
                text4                               7FE      7FE       B8      301       0
                text3                               956      956       76      301       0
                text2                               602      602      1FC      301       0
                text1                               B42      B42       28      301       0
                text0                               8B6      8B6       A0      301       0
                cstackCOMRAM                          1        1       17        1       1
                dataCOMRAM                           18       18        2        1       1
                bssCOMRAM                            1A       1A        1        1       1
                cinit                               B6A      B6A       20      301       0
                idataCOMRAM                         BCA      BCA        2      301       0

TOTAL           Name                               Link     Load   Length     Space
        CLASS   CODE           
                init                                  0        0        4         0
                text11                              B8A      B8A       20         0
                text10                              B18      B18       2A         0
                text9                               A40      A40       74         0
                text8                               BAA      BAA       16         0
                text7                               BC0      BC0        A         0
                text6                               9CC      9CC       74         0
                text5                               AB4      AB4       64         0
                text4                               7FE      7FE       B8         0
                text3                               956      956       76         0
                text2                               602      602      1FC         0
                text1                               B42      B42       28         0
                text0                               8B6      8B6       A0         0
                cinit                               B6A      B6A       20         0
                idataCOMRAM                         BCA      BCA        2         0

        CLASS   CONST          

        CLASS   SMALLCONST     
                smallconst                          600      600        2         0

        CLASS   MEDIUMCONST    

        CLASS   COMRAM         
                cstackCOMRAM                          1        1       17         1
                dataCOMRAM                           18       18        2         1
                bssCOMRAM                            1A       1A        1         1

        CLASS   ABS1           

        CLASS   BIGRAM         

        CLASS   RAM            

        CLASS   BANK0          

        CLASS   BANK1          

        CLASS   BANK2          

        CLASS   BANK3          

        CLASS   BANK4          

        CLASS   BANK5          

        CLASS   SFR            

        CLASS   BIGSFR         

        CLASS   CONFIG         
                config                           300000   300000        E         4

        CLASS   IDLOC          
                idloc                            200000   200000        8         5

        CLASS   EEDATA         

        CLASS   FARRAM         

        CLASS   HEAP           

        CLASS   STACK          



SEGMENTS        Name                           Load    Length   Top    Selector   Space  Class

                reset_vec                      000000  000004  000004         0       0  CODE    
                cstackCOMRAM                   000001  00001A  00001B         1       1  COMRAM  
                text2                          000602  0005CA  000BCC       301       0  CODE    
                smallconst                     000600  000002  000602       300       0  SMALLCON


UNUSED ADDRESS RANGES

        Name                Unused          Largest block    Delta
        BANK0            000080-0000FF               80
        BANK1            000100-0001FF              100
        BANK2            000200-0002FF              100
        BANK3            000300-0003FF              100
        BANK4            000400-0004FF              100
        BANK5            000500-0005F3               F4
        BIGRAM           00001B-0005F3              5D9
        BIGSFR           000F80-000F9B               1C
                         000F9D-000FD3               37
                         000FD5-000FDA                6
                         000FE0-000FE2                3
                         000FE8-000FEA                3
                         000FF0-000FFC                D
        CODE             000004-0005FF              5FC
                         000BCC-007DBF             71F4
        COMRAM           00001B-00007F               65
        CONST            000004-0005FF              5FC
                         000BCC-007DBF             71F4
        EEDATA           F00000-F000FF              100
        MEDIUMCONST      000BCC-007DBF             71F4
        RAM              000080-0005F3              100
        SFR              000F80-000F9B               1C
                         000F9D-000FD3               37
                         000FD5-000FDA                6
                         000FE0-000FE2                3
                         000FE8-000FEA                3
                         000FF0-000FFC                D
        SMALLCONST       000BCC-007DBF              100

                                  Symbol Table

?_ADC_read_AN0             cstackCOMRAM 000001
?___lwdiv                  cstackCOMRAM 000001
?___lwmod                  cstackCOMRAM 000001
LED_update@val             cstackCOMRAM 000002
UART_print_dec@buf         cstackCOMRAM 00000A
UART_print_dec@i_264       cstackCOMRAM 00000F
UART_print_dec@len         cstackCOMRAM 000011
UART_print_dec@v           cstackCOMRAM 000008
UART_putc@c                cstackCOMRAM 000002
UART_update_adc@adc_value  cstackCOMRAM 000012
UART_update_adc@i          cstackCOMRAM 000014
_ADCON0bits                (abs)        000FC2
_ADCON1                    (abs)        000FC1
_ADCON2bits                (abs)        000FC0
_ADC_init                  text11       000B8A
_ADC_read_AN0              text10       000B18
_ADRESH                    (abs)        000FC4
_ADRESL                    (abs)        000FC3
_BAUDCONbits               (abs)        000FB8
_IPR1bits                  (abs)        000F9F
_IRCF0                     (abs)        007E9C
_IRCF1                     (abs)        007E9D
_IRCF2                     (abs)        007E9E
_LATD                      (abs)        000F8C
_LATDbits                  (abs)        000F8C
_LED_update                text9        000A40
_OSCCONbits                (abs)        000FD3
_PIE1bits                  (abs)        000F9D
_PIR1bits                  (abs)        000F9E
_RCREG                     (abs)        000FAE
_RCSTAbits                 (abs)        000FAB
_SPBRG                     (abs)        000FAF
_TRISAbits                 (abs)        000F92
_TRISCbits                 (abs)        000F94
_TRISD                     (abs)        000F95
_TXREG                     (abs)        000FAD
_TXSTAbits                 (abs)        000FAC
_UART_print_dec            text4        0007FE
_UART_putc                 text7        000BC0
_UART_update_adc           text3        000956
__HRAM                     (abs)        000000
__H__absolute__            __absolute__ 000000
__Habs1                    abs1         000000
__Hbank0                   bank0        000000
__Hbank1                   bank1        000000
__Hbank2                   bank2        000000
__Hbank3                   bank3        000000
__Hbank4                   bank4        000000
__Hbank5                   bank5        000000
__Hbigbss                  bigbss       000000
__Hbigdata                 bigdata      000000
__Hbigram                  bigram       000000
__Hbigsfr                  bigsfr       000000
__Hbss                     bss          000000
__HbssCOMRAM               bssCOMRAM    000000
__Hcinit                   cinit        000000
__Hclrtext                 clrtext      000000
__Hcomram                  comram       000000
__Hconfig                  config       30000E
__Hconst                   const        000000
__HcstackCOMRAM            cstackCOMRAM 000000
__Hdata                    data         000000
__HdataCOMRAM              dataCOMRAM   000000
__Heeprom_data             eeprom_data  000000
__Hfarbss                  farbss       000000
__Hfardata                 fardata      000000
__Hheap                    heap         000000
__Hibigdata                ibigdata     000000
__Hidata                   idata        000000
__HidataCOMRAM             idataCOMRAM  000000
__Hidloc                   idloc        200008
__Hifardata                ifardata     000000
__Hinit                    init         000004
__Hintcode                 intcode      000000
__Hintcode_body            intcode_body 000000
__Hintcodelo               intcodelo    000000
__Hintentry                intentry     000000
__Hintret                  intret       000000
__Hintsave_regs            intsave_regs 000000
__Hirdata                  irdata       000000
__Hmediumconst             mediumconst  000000
__HnvFARRAM                nvFARRAM     000000
__Hnvbit                   nvbit        000000
__Hnvrram                  nvrram       000000
__Hparam                   rparam       000000
__Hpowerup                 powerup      000000
__Hram                     ram          000000
__Hramtop                  ramtop       000600
__Hrbit                    rbit         000000
__Hrbss                    rbss         000000
__Hrdata                   rdata        000000
__Hreset_vec               reset_vec    000000
__Hrparam                  rparam       000000
__Hsfr                     sfr          000000
__Hsmallconst              smallconst   000602
__Hspace_0                 (abs)        000BCC
__Hspace_1                 (abs)        00001B
__Hspace_2                 (abs)        000000
__Hspace_4                 (abs)        60000E
__Hstack                   stack        000000
__Hstruct                  struct       000000
__Htemp                    temp         000000
__Htext                    text         000000
__Htext0                   text0        000000
__Htext1                   text1        000000
__Htext10                  text10       000000
__Htext11                  text11       000000
__Htext2                   text2        000000
__Htext3                   text3        000000
__Htext4                   text4        000000
__Htext5                   text5        000000
__Htext6                   text6        000000
__Htext7                   text7        000000
__Htext8                   text8        000000
__Htext9                   text9        000000
__LRAM                     (abs)        000001
__L__absolute__            __absolute__ 000000
__Labs1                    abs1         000000
__Lbank0                   bank0        000000
__Lbank1                   bank1        000000
__Lbank2                   bank2        000000
__Lbank3                   bank3        000000
__Lbank4                   bank4        000000
__Lbank5                   bank5        000000
__Lbigbss                  bigbss       000000
__Lbigdata                 bigdata      000000
__Lbigram                  bigram       000000
__Lbigsfr                  bigsfr       000000
__Lbss                     bss          000000
__LbssCOMRAM               bssCOMRAM    000000
__Lcinit                   cinit        000000
__Lclrtext                 clrtext      000000
__Lcomram                  comram       000000
__Lconfig                  config       000000
__Lconst                   const        000000
__LcstackCOMRAM            cstackCOMRAM 000000
__Ldata                    data         000000
__LdataCOMRAM              dataCOMRAM   000000
__Leeprom_data             eeprom_data  000000
__Lfarbss                  farbss       000000
__Lfardata                 fardata      000000
__Lheap                    heap         000000
__Libigdata                ibigdata     000000
__Lidata                   idata        000000
__LidataCOMRAM             idataCOMRAM  000000
__Lidloc                   idloc        000000
__Lifardata                ifardata     000000
__Linit                    init         000000
__Lintcode                 intcode      000000
__Lintcode_body            intcode_body 000000
__Lintcodelo               intcodelo    000000
__Lintentry                intentry     000000
__Lintret                  intret       000000
__Lintsave_regs            intsave_regs 000000
__Lirdata                  irdata       000000
__Lmediumconst             mediumconst  000000
__LnvFARRAM                nvFARRAM     000000
__Lnvbit                   nvbit        000000
__Lnvrram                  nvrram       000000
__Lparam                   rparam       000000
__Lpowerup                 powerup      000000
__Lram                     ram          000000
__Lramtop                  ramtop       000600
__Lrbit                    rbit         000000
__Lrbss                    rbss         000000
__Lrdata                   rdata        000000
__Lreset_vec               reset_vec    000000
__Lrparam                  rparam       000000
__Lsfr                     sfr          000000
__Lsmallconst              smallconst   000600
__Lspace_0                 (abs)        000000
__Lspace_1                 (abs)        000000
__Lspace_2                 (abs)        000000
__Lspace_4                 (abs)        000000
__Lstack                   stack        000000
__Lstruct                  struct       000000
__Ltemp                    temp         000000
__Ltext                    text         000000
__Ltext0                   text0        000000
__Ltext1                   text1        000000
__Ltext10                  text10       000000
__Ltext11                  text11       000000
__Ltext2                   text2        000000
__Ltext3                   text3        000000
__Ltext4                   text4        000000
__Ltext5                   text5        000000
__Ltext6                   text6        000000
__Ltext7                   text7        000000
__Ltext8                   text8        000000
__Ltext9                   text9        000000
__S0                       (abs)        000BCC
__S1                       (abs)        00001B
__S4                       (abs)        000000
__S5                       (abs)        000000
___heap_hi                 (abs)        000000
___heap_lo                 (abs)        000000
___inthi_sp                stack        000000
___inthi_stack_hi          stack        000000
___inthi_stack_lo          stack        000000
___intlo_sp                stack        000000
___intlo_stack_hi          stack        000000
___intlo_stack_lo          stack        000000
___lwdiv                   text6        0009CC
___lwdiv@counter           cstackCOMRAM 000007
___lwdiv@dividend          cstackCOMRAM 000001
___lwdiv@divisor           cstackCOMRAM 000003
___lwdiv@quotient          cstackCOMRAM 000005
___lwmod                   text5        000AB4
___lwmod@counter           cstackCOMRAM 000005
___lwmod@dividend          cstackCOMRAM 000001
___lwmod@divisor           cstackCOMRAM 000003
___param_bank              (abs)        000000
___rparam_used             (abs)        000001
___sp                      stack        000000
___stack_hi                stack        000000
___stack_lo                stack        000000
__accesstop                (abs)        000080
__activetblptr             (abs)        000000
__end_of_ADC_init          text11       000BAA
__end_of_ADC_read_AN0      text10       000B42
__end_of_LED_update        text9        000AB4
__end_of_UART_print_dec    text4        0008B6
__end_of_UART_putc         text7        000BCA
__end_of_UART_update_adc   text3        0009CC
__end_of___lwdiv           text6        000A40
__end_of___lwmod           text5        000B18
__end_of__initialization   cinit        000B84
__end_of_main              text0        000956
__end_of_map_adc_to_output text2        0007FE
__end_of_test_uart_init    text1        000B6A
__end_of_test_uart_write   text8        000BC0
__initialization           cinit        000B6A
__mediumconst              mediumconst  000000
__pbssCOMRAM               bssCOMRAM    00001A
__pcinit                   cinit        000B6A
__pcstackCOMRAM            cstackCOMRAM 000001
__pdataCOMRAM              dataCOMRAM   000018
__pidataCOMRAM             idataCOMRAM  000BCA
__psmallconst              smallconst   000600
__ptext0                   text0        0008B6
__ptext1                   text1        000B42
__ptext10                  text10       000B18
__ptext11                  text11       000B8A
__ptext2                   text2        000602
__ptext3                   text3        000956
__ptext4                   text4        0007FE
__ptext5                   text5        000AB4
__ptext6                   text6        0009CC
__ptext7                   text7        000BC0
__ptext8                   text8        000BAA
__ptext9                   text9        000A40
__ramtop                   ramtop       000600
__smallconst               smallconst   000600
_current_out               dataCOMRAM   000019
_main                      text0        0008B6
_map_adc_to_output         text2        000602
_prev_len                  bssCOMRAM    00001A
_prev_out                  dataCOMRAM   000018
_test_uart_init            text1        000B42
_test_uart_write           text8        000BAA
end_of_initialization      cinit        000B84
intlevel0                  text         000000
intlevel1                  text         000000
intlevel2                  text         000000
intlevel3                  text         000000
isa$std                    (abs)        000001
isa$xinst                  (abs)        000000
main@adc_val               cstackCOMRAM 000016
map_adc_to_output@adc      cstackCOMRAM 000001
stackhi                    (abs)        000000
stacklo                    (abs)        000000
start                      init         000000
start_initialization       cinit        000B6A
test_uart_write@data       cstackCOMRAM 000001


MODULE INFORMATION

Module		Function		Class		Link	Load	Size
test_uart.c
		_test_uart_init		CODE           	0B42	0000	40
		_test_uart_write		CODE           	0BAA	0000	22

test_uart.c estimated size: 62

hard.c
		_main          		CODE           	08B6	0000	160
		_UART_update_adc		CODE           	0956	0000	118
		_ADC_read_AN0  		CODE           	0B18	0000	42
		_ADC_init      		CODE           	0B8A	0000	32
		_UART_putc     		CODE           	0BC0	0000	10
		_UART_print_dec		CODE           	07FE	0000	184
		_LED_update    		CODE           	0A40	0000	116
		_map_adc_to_output		CODE           	0602	0000	508

hard.c estimated size: 1170

/Applications/microchip/xc8/v2.45/pic/sources/c99/common/lwmod.c
		___lwmod       		CODE           	0AB4	0000	100

/Applications/microchip/xc8/v2.45/pic/sources/c99/common/lwmod.c estimated size: 100

/Applications/microchip/xc8/v2.45/pic/sources/c99/common/lwdiv.c
		___lwdiv       		CODE           	09CC	0000	116

/Applications/microchip/xc8/v2.45/pic/sources/c99/common/lwdiv.c estimated size: 116

shared
		__initialization		CODE           	0B6A	0000	26

shared estimated size: 26

