MPLINK 5.09, LINKER
Linker Map File - Created Thu Sep 25 13:55:03 2025

                                 Section Info
                  Section       Type    Address   Location Size(Bytes)
                ---------  ---------  ---------  ---------  ---------
                   .org_0       code   0x000000    program   0x0000c6
                   .cinit    romdata   0x0000c6    program   0x000002
.config_300001_BUILD/DEFAULT/DEBUG/ADVANCED.O    romdata   0x300001    program   0x000001
.config_300003_BUILD/DEFAULT/DEBUG/ADVANCED.O    romdata   0x300003    program   0x000001



                              Program Memory Usage 
                               Start         End      
                           ---------   ---------      
                            0x000000    0x0000c7      
                            0x300001    0x300001      
                            0x300003    0x300003      
            202 out of 33048 program addresses used, program memory utilization is 0%



                              Symbols - Sorted by Name
                     Name    Address   Location    Storage File                     
                ---------  ---------  ---------  --------- ---------                
                   A_less   0x00007e    program     static C:\Users\user\MPLABXProjects\lab02.X\Advanced.asm
                   B_less   0x000088    program     static C:\Users\user\MPLABXProjects\lab02.X\Advanced.asm
              check_B_end   0x000050    program     static C:\Users\user\MPLABXProjects\lab02.X\Advanced.asm
                compareAB   0x000044    program     static C:\Users\user\MPLABXProjects\lab02.X\Advanced.asm
              copy_rest_A   0x000092    program     static C:\Users\user\MPLABXProjects\lab02.X\Advanced.asm
              copy_rest_B   0x0000ac    program     static C:\Users\user\MPLABXProjects\lab02.X\Advanced.asm
               do_compare   0x00005c    program     static C:\Users\user\MPLABXProjects\lab02.X\Advanced.asm
                end_merge   0x0000c6    program     static C:\Users\user\MPLABXProjects\lab02.X\Advanced.asm
               equal_case   0x00006c    program     static C:\Users\user\MPLABXProjects\lab02.X\Advanced.asm
              intitialize   0x000000    program     static C:\Users\user\MPLABXProjects\lab02.X\Advanced.asm
                    loadA   0x00000c    program     static C:\Users\user\MPLABXProjects\lab02.X\Advanced.asm
                    loadB   0x000024    program     static C:\Users\user\MPLABXProjects\lab02.X\Advanced.asm
                not_equal   0x000076    program     static C:\Users\user\MPLABXProjects\lab02.X\Advanced.asm



                              Symbols - Sorted by Address
                     Name    Address   Location    Storage File                     
                ---------  ---------  ---------  --------- ---------                
              intitialize   0x000000    program     static C:\Users\user\MPLABXProjects\lab02.X\Advanced.asm
                    loadA   0x00000c    program     static C:\Users\user\MPLABXProjects\lab02.X\Advanced.asm
                    loadB   0x000024    program     static C:\Users\user\MPLABXProjects\lab02.X\Advanced.asm
                compareAB   0x000044    program     static C:\Users\user\MPLABXProjects\lab02.X\Advanced.asm
              check_B_end   0x000050    program     static C:\Users\user\MPLABXProjects\lab02.X\Advanced.asm
               do_compare   0x00005c    program     static C:\Users\user\MPLABXProjects\lab02.X\Advanced.asm
               equal_case   0x00006c    program     static C:\Users\user\MPLABXProjects\lab02.X\Advanced.asm
                not_equal   0x000076    program     static C:\Users\user\MPLABXProjects\lab02.X\Advanced.asm
                   A_less   0x00007e    program     static C:\Users\user\MPLABXProjects\lab02.X\Advanced.asm
                   B_less   0x000088    program     static C:\Users\user\MPLABXProjects\lab02.X\Advanced.asm
              copy_rest_A   0x000092    program     static C:\Users\user\MPLABXProjects\lab02.X\Advanced.asm
              copy_rest_B   0x0000ac    program     static C:\Users\user\MPLABXProjects\lab02.X\Advanced.asm
                end_merge   0x0000c6    program     static C:\Users\user\MPLABXProjects\lab02.X\Advanced.asm


